// Vitest Snapshot v1, https://vitest.dev/guide/snapshot.html

exports[`<CreatePlanet/> > should render succesfully 1`] = `
{
  "asFragment": [Function],
  "baseElement": <body
    class="chakra-ui-dark"
  >
    <div>
      <div
        class="css-c00vb"
      >
        <div
          class="chakra-container css-3n8ypn"
        >
          <h2
            class="chakra-heading css-qw7hye"
          >
            Create planet
          </h2>
          <form
            class="chakra-stack css-g6wlko"
          >
            <div
              class="chakra-form-control css-1kxonj9"
              role="group"
            >
              <label
                class="chakra-form__label css-g6pte"
                for="name"
                id="field-:r0:-label"
              >
                Name
              </label>
              <div
                class="chakra-input__group css-1y0e7gb"
                data-group="true"
              >
                <input
                  class="chakra-input css-1rrwde8"
                  data-testid="name"
                  id="name"
                  name="name"
                  placeholder="Name"
                  value=""
                />
                <div
                  class="chakra-input__right-element css-1lds0jh"
                />
              </div>
            </div>
            <div
              class="chakra-form-control css-1kxonj9"
              role="group"
            >
              <label
                class="chakra-form__label css-g6pte"
                for="diameter"
                id="field-:r1:-label"
              >
                Diameter (km)
              </label>
              <div
                class="chakra-input__group css-1y0e7gb"
                data-group="true"
              >
                <input
                  class="chakra-input css-1rrwde8"
                  data-testid="diameter"
                  id="diameter"
                  name="diameter"
                  placeholder="Diameter (km)"
                  type="number"
                  value=""
                />
                <div
                  class="chakra-input__right-element css-1lds0jh"
                />
              </div>
            </div>
            <div
              class="chakra-form-control css-1kxonj9"
              role="group"
            >
              <label
                class="chakra-form__label css-g6pte"
                for="population"
                id="field-:r2:-label"
              >
                Population
              </label>
              <div
                class="chakra-input__group css-1y0e7gb"
                data-group="true"
              >
                <input
                  class="chakra-input css-1rrwde8"
                  data-testid="population"
                  id="population"
                  name="population"
                  placeholder="Population"
                  type="number"
                  value=""
                />
                <div
                  class="chakra-input__right-element css-1lds0jh"
                />
              </div>
            </div>
            <div
              class="chakra-form-control css-1kxonj9"
              role="group"
            >
              <label
                class="chakra-form__label css-g6pte"
                for="climate"
                id="field-:r3:-label"
              >
                Climate
              </label>
              <div
                class="chakra-input__group css-1y0e7gb"
                data-group="true"
              >
                <input
                  class="chakra-input css-1rrwde8"
                  data-testid="climate"
                  id="climate"
                  name="climate"
                  placeholder="Climate"
                  value=""
                />
                <div
                  class="chakra-input__right-element css-1lds0jh"
                />
              </div>
            </div>
            <div
              class="chakra-form-control css-1kxonj9"
              role="group"
            >
              <label
                class="chakra-form__label css-g6pte"
                for="terrain"
                id="field-:r4:-label"
              >
                Terrain
              </label>
              <div
                class="chakra-input__group css-1y0e7gb"
                data-group="true"
              >
                <input
                  class="chakra-input css-1rrwde8"
                  data-testid="terrain"
                  id="terrain"
                  name="terrain"
                  placeholder="Terrain"
                  value=""
                />
                <div
                  class="chakra-input__right-element css-1lds0jh"
                />
              </div>
            </div>
            <div
              class="css-u8chpe"
            >
              <button
                class="chakra-button css-1bvqs64"
                type="button"
              >
                Cancel
              </button>
              <button
                class="chakra-button css-advwry"
                disabled=""
                type="submit"
              >
                Create
              </button>
            </div>
          </form>
        </div>
      </div>
      <span
        hidden=""
        id="__chakra_env"
      />
    </div>
    <div
      class="chakra-portal"
    >
      <div
        aria-label="Notifications-top"
        aria-live="polite"
        id="chakra-toast-manager-top"
        role="region"
        style="position: fixed; z-index: var(--toast-z-index, 5500); pointer-events: none; display: flex; flex-direction: column; margin: 0px auto;"
      />
      <div
        aria-label="Notifications-top-left"
        aria-live="polite"
        id="chakra-toast-manager-top-left"
        role="region"
        style="position: fixed; z-index: var(--toast-z-index, 5500); pointer-events: none; display: flex; flex-direction: column;"
      />
      <div
        aria-label="Notifications-top-right"
        aria-live="polite"
        id="chakra-toast-manager-top-right"
        role="region"
        style="position: fixed; z-index: var(--toast-z-index, 5500); pointer-events: none; display: flex; flex-direction: column;"
      />
      <div
        aria-label="Notifications-bottom-left"
        aria-live="polite"
        id="chakra-toast-manager-bottom-left"
        role="region"
        style="position: fixed; z-index: var(--toast-z-index, 5500); pointer-events: none; display: flex; flex-direction: column;"
      />
      <div
        aria-label="Notifications-bottom"
        aria-live="polite"
        id="chakra-toast-manager-bottom"
        role="region"
        style="position: fixed; z-index: var(--toast-z-index, 5500); pointer-events: none; display: flex; flex-direction: column; margin: 0px auto;"
      />
      <div
        aria-label="Notifications-bottom-right"
        aria-live="polite"
        id="chakra-toast-manager-bottom-right"
        role="region"
        style="position: fixed; z-index: var(--toast-z-index, 5500); pointer-events: none; display: flex; flex-direction: column;"
      />
    </div>
  </body>,
  "container": <div>
    <div
      class="css-c00vb"
    >
      <div
        class="chakra-container css-3n8ypn"
      >
        <h2
          class="chakra-heading css-qw7hye"
        >
          Create planet
        </h2>
        <form
          class="chakra-stack css-g6wlko"
        >
          <div
            class="chakra-form-control css-1kxonj9"
            role="group"
          >
            <label
              class="chakra-form__label css-g6pte"
              for="name"
              id="field-:r0:-label"
            >
              Name
            </label>
            <div
              class="chakra-input__group css-1y0e7gb"
              data-group="true"
            >
              <input
                class="chakra-input css-1rrwde8"
                data-testid="name"
                id="name"
                name="name"
                placeholder="Name"
                value=""
              />
              <div
                class="chakra-input__right-element css-1lds0jh"
              />
            </div>
          </div>
          <div
            class="chakra-form-control css-1kxonj9"
            role="group"
          >
            <label
              class="chakra-form__label css-g6pte"
              for="diameter"
              id="field-:r1:-label"
            >
              Diameter (km)
            </label>
            <div
              class="chakra-input__group css-1y0e7gb"
              data-group="true"
            >
              <input
                class="chakra-input css-1rrwde8"
                data-testid="diameter"
                id="diameter"
                name="diameter"
                placeholder="Diameter (km)"
                type="number"
                value=""
              />
              <div
                class="chakra-input__right-element css-1lds0jh"
              />
            </div>
          </div>
          <div
            class="chakra-form-control css-1kxonj9"
            role="group"
          >
            <label
              class="chakra-form__label css-g6pte"
              for="population"
              id="field-:r2:-label"
            >
              Population
            </label>
            <div
              class="chakra-input__group css-1y0e7gb"
              data-group="true"
            >
              <input
                class="chakra-input css-1rrwde8"
                data-testid="population"
                id="population"
                name="population"
                placeholder="Population"
                type="number"
                value=""
              />
              <div
                class="chakra-input__right-element css-1lds0jh"
              />
            </div>
          </div>
          <div
            class="chakra-form-control css-1kxonj9"
            role="group"
          >
            <label
              class="chakra-form__label css-g6pte"
              for="climate"
              id="field-:r3:-label"
            >
              Climate
            </label>
            <div
              class="chakra-input__group css-1y0e7gb"
              data-group="true"
            >
              <input
                class="chakra-input css-1rrwde8"
                data-testid="climate"
                id="climate"
                name="climate"
                placeholder="Climate"
                value=""
              />
              <div
                class="chakra-input__right-element css-1lds0jh"
              />
            </div>
          </div>
          <div
            class="chakra-form-control css-1kxonj9"
            role="group"
          >
            <label
              class="chakra-form__label css-g6pte"
              for="terrain"
              id="field-:r4:-label"
            >
              Terrain
            </label>
            <div
              class="chakra-input__group css-1y0e7gb"
              data-group="true"
            >
              <input
                class="chakra-input css-1rrwde8"
                data-testid="terrain"
                id="terrain"
                name="terrain"
                placeholder="Terrain"
                value=""
              />
              <div
                class="chakra-input__right-element css-1lds0jh"
              />
            </div>
          </div>
          <div
            class="css-u8chpe"
          >
            <button
              class="chakra-button css-1bvqs64"
              type="button"
            >
              Cancel
            </button>
            <button
              class="chakra-button css-advwry"
              disabled=""
              type="submit"
            >
              Create
            </button>
          </div>
        </form>
      </div>
    </div>
    <span
      hidden=""
      id="__chakra_env"
    />
  </div>,
  "debug": [Function],
  "findAllByAltText": [Function],
  "findAllByDisplayValue": [Function],
  "findAllByLabelText": [Function],
  "findAllByPlaceholderText": [Function],
  "findAllByRole": [Function],
  "findAllByTestId": [Function],
  "findAllByText": [Function],
  "findAllByTitle": [Function],
  "findByAltText": [Function],
  "findByDisplayValue": [Function],
  "findByLabelText": [Function],
  "findByPlaceholderText": [Function],
  "findByRole": [Function],
  "findByTestId": [Function],
  "findByText": [Function],
  "findByTitle": [Function],
  "getAllByAltText": [Function],
  "getAllByDisplayValue": [Function],
  "getAllByLabelText": [Function],
  "getAllByPlaceholderText": [Function],
  "getAllByRole": [Function],
  "getAllByTestId": [Function],
  "getAllByText": [Function],
  "getAllByTitle": [Function],
  "getByAltText": [Function],
  "getByDisplayValue": [Function],
  "getByLabelText": [Function],
  "getByPlaceholderText": [Function],
  "getByRole": [Function],
  "getByTestId": [Function],
  "getByText": [Function],
  "getByTitle": [Function],
  "queryAllByAltText": [Function],
  "queryAllByDisplayValue": [Function],
  "queryAllByLabelText": [Function],
  "queryAllByPlaceholderText": [Function],
  "queryAllByRole": [Function],
  "queryAllByTestId": [Function],
  "queryAllByText": [Function],
  "queryAllByTitle": [Function],
  "queryByAltText": [Function],
  "queryByDisplayValue": [Function],
  "queryByLabelText": [Function],
  "queryByPlaceholderText": [Function],
  "queryByRole": [Function],
  "queryByTestId": [Function],
  "queryByText": [Function],
  "queryByTitle": [Function],
  "rerender": [Function],
  "unmount": [Function],
}
`;
